
Memory Configuration

Name             Origin             Length             Attributes
FLASH            0x08000000         0x00080000         xr
SRAM             0x20000000         0x00020000         xrw
*default*        0x00000000         0xffffffff

Linker script and memory map

LOAD object/kmain.o
LOAD object/stm32_startup.o
LOAD object/sys.o
LOAD object/clock.o
LOAD object/usart.o
LOAD object/gpio.o
LOAD object/timer.o
LOAD object/kstdio.o
LOAD object/sys_init.o

.text           0x08000000     0x175c
                0x08000000                _stext = .
 *(.isr_vector)
 .isr_vector    0x08000000      0x1c4 object/stm32_startup.o
                0x08000000                NVIC_VECTOR
 *(.text)
 .text          0x080001c4      0x128 object/kmain.o
                0x080001c4                kmain
 .text          0x080002ec       0xec object/stm32_startup.o
                0x080002ec                Reset_Handler
                0x080003a4                FLASH_Handler
                0x080003a4                SVCall_Handler
                0x080003a4                DMA2_Stream7_Handler
                0x080003a4                OTG_HS_Handler
                0x080003a4                SPI4_Handler
                0x080003a4                DMA2_Stream3_Handler
                0x080003a4                USART3_Handler
                0x080003a4                PendSV_Handler
                0x080003a4                NMI_Handler
                0x080003a4                SAI1_Handler
                0x080003a4                TIM6_DAC_Handler
                0x080003a4                CAN1_RX1_Handler
                0x080003a4                EXTI15_10_Handler
                0x080003a4                ADC_Handler
                0x080003a4                I2C1_EV_Handler
                0x080003a4                TAMP_STAMP_Handler
                0x080003a4                I2C3_ER_Handler
                0x080003a4                WWDG_Handler
                0x080003a4                EXTI4_Handler
                0x080003a4                I2C3_EV_Handler
                0x080003a4                DMA1_Stream1_Handler
                0x080003a4                DMA2_Stream4_Handler
                0x080003a4                DMA1_Stream7_Handler
                0x080003a4                OTG_FS_Handler
                0x080003a4                TIM1_BRK_TIM9_Handler
                0x080003a4                I2C1_ER_Handler
                0x080003a4                DMA1_Stream3_Handler
                0x080003a4                UsageFault_Handler
                0x080003a4                TIM1_UP_TIM10_Handler
                0x080003a4                CAN1_RX0_Handler
                0x080003a4                TIM1_CC_Handler
                0x080003a4                I2C2_ER_Handler
                0x080003a4                USART6_Handler
                0x080003a4                TIM8_CC_Handler
                0x080003a4                HDMI_CEC_Handler
                0x080003a4                SAI2_Handler
                0x080003a4                CAN1_SCE_Handler
                0x080003a4                DMA1_Stream0_Handler
                0x080003a4                OTG_HS_EP1_OUT_Handler
                0x080003a4                EXTI1_Handler
                0x080003a4                RTC_WKUP_Handler
                0x080003a4                FMC_Handler
                0x080003a4                EXTI3_Handler
                0x080003a4                EXTI2_Handler
                0x080003a4                UART4_Handler
                0x080003a4                CAN2_RX1_Handler
                0x080003a4                EXTI9_5_Handler
                0x080003a4                TIM2_Handler
                0x080003a4                USART1_Handler
                0x080003a4                CAN2_SCE_Handler
                0x080003a4                TIM3_Handler
                0x080003a4                DMA2_Stream6_Handler
                0x080003a4                OTG_FS_WKUP_Handler
                0x080003a4                Default_Handler
                0x080003a4                DCMI_Handler
                0x080003a4                TIM1_TRG_COM_TIM11_Handler
                0x080003a4                RTC_Alarm_Handler
                0x080003a4                TIM4_Handler
                0x080003a4                TIM8_UP_TIM13_Handler
                0x080003a4                CAN2_TX_Handler
                0x080003a4                SPI2_Handler
                0x080003a4                DMA2_Stream1_Handler
                0x080003a4                DMA1_Stream2_Handler
                0x080003a4                OTG_HS_WKUP_Handler
                0x080003a4                EXTI0_Handler
                0x080003a4                TIM8_BRK_TIM12_Handler
                0x080003a4                CAN2_RX0_Handler
                0x080003a4                DMA2_Stream5_Handler
                0x080003a4                DMA1_Stream6_Handler
                0x080003a4                SDIO_Handler
                0x080003a4                FMPI2C1_ERR_Handler
                0x080003a4                USART2_Handler
                0x080003a4                SPI1_Handler
                0x080003a4                I2C2_EV_Handler
                0x080003a4                SPDIF_Rx_Handler
                0x080003a4                DMA2_Stream2_Handler
                0x080003a4                SPI3_Handler
                0x080003a4                DMA2_Stream0_Handler
                0x080003a4                RCC_Handler
                0x080003a4                PVD_Handler
                0x080003a4                UART5_Handler
                0x080003a4                DMA1_Stream5_Handler
                0x080003a4                TIM5_Handler
                0x080003a4                QuadSPI_Handler
                0x080003a4                TIM7_Handler
                0x080003a4                TIM8_TRG_COM_TIM14_Handler
                0x080003a4                CAN1_TX_Handler
                0x080003a4                FPU_Handler
                0x080003a4                FMPI2C1_Handler
                0x080003a4                DebugMonitor_Handler
                0x080003a4                DMA1_Stream4_Handler
                0x080003a4                OTG_HS_EP1_IN_Handler
                0x080003aa                HardFault_Handler
                0x080003b0                MemManage_Handler
                0x080003b6                BusFault_Handler
                0x080003bc                update_global_tick_count
 .text          0x080003d8      0x15c object/sys.o
                0x080003d8                sysTick_init
                0x08000414                sysTick_enable
                0x08000448                sysTick_disable
                0x08000468                updateSysTick
                0x0800048c                getSysTickCount
                0x080004a4                getTime
                0x080004f8                setTime
                0x08000518                SysTick_Handler
 .text          0x08000534       0xbc object/clock.o
                0x08000534                DRV_CLOCK_INIT
 .text          0x080005f0      0x18c object/usart.o
                0x080005f0                DRV_USART_INIT
                0x080006ac                UART_SendChar
                0x080006da                _USART_WRITE
                0x08000708                _USART_READ
                0x08000750                UART_GetChar
 .text          0x0800077c       0x20 object/gpio.o
                0x0800077c                DRV_GPIO_INIT
 .text          0x0800079c        0xe object/timer.o
                0x0800079c                DRV_TIMER_INIT
 *fill*         0x080007aa        0x2 
 .text          0x080007ac      0xd20 object/kstdio.o
                0x080007ac                my_memcpy
                0x080007f2                my_strlen
                0x08000822                my_strcpy
                0x0800086c                my_strcat
                0x080008c4                intToStr
                0x08000a7c                hexToStr
                0x08000c68                power
                0x08000ca0                floatToString
                0x08000e98                kprintf
                0x0800108c                kscanf
 .text          0x080014cc       0x48 object/sys_init.o
                0x080014cc                DRV_FPU_ACTIVE
                0x080014f0                __sys_init
 *(.rodata)
 .rodata        0x08001514       0xe9 object/kmain.o
 *fill*         0x080015fd        0x3 
 .rodata        0x08001600      0x15b object/kstdio.o
                0x0800175c                . = ALIGN (0x4)
 *fill*         0x0800175b        0x1 
                0x0800175c                _etext = .
                0x0800175c                _la_data = LOADADDR (.data)

.glue_7         0x0800175c        0x0
 .glue_7        0x0800175c        0x0 linker stubs

.glue_7t        0x0800175c        0x0
 .glue_7t       0x0800175c        0x0 linker stubs

.vfp11_veneer   0x0800175c        0x0
 .vfp11_veneer  0x0800175c        0x0 linker stubs

.v4_bx          0x0800175c        0x0
 .v4_bx         0x0800175c        0x0 linker stubs

.iplt           0x0800175c        0x0
 .iplt          0x0800175c        0x0 object/kmain.o

.rel.dyn        0x0800175c        0x0
 .rel.iplt      0x0800175c        0x0 object/kmain.o

.data           0x20000000        0x0 load address 0x0800175c
                0x20000000                _sdata = .
 *(.data)
 .data          0x20000000        0x0 object/kmain.o
 .data          0x20000000        0x0 object/stm32_startup.o
 .data          0x20000000        0x0 object/sys.o
 .data          0x20000000        0x0 object/clock.o
 .data          0x20000000        0x0 object/usart.o
 .data          0x20000000        0x0 object/gpio.o
 .data          0x20000000        0x0 object/timer.o
 .data          0x20000000        0x0 object/kstdio.o
 .data          0x20000000        0x0 object/sys_init.o
                0x20000000                . = ALIGN (0x4)
                0x20000000                _edata = .

.igot.plt       0x20000000        0x0 load address 0x0800175c
 .igot.plt      0x20000000        0x0 object/kmain.o

.bss            0x20000000       0x14 load address 0x0800175c
                0x20000000                _sbss = .
 *(.bss)
 .bss           0x20000000        0x0 object/kmain.o
 .bss           0x20000000       0x10 object/stm32_startup.o
                0x20000000                _bss_size
                0x20000004                _data_size
                0x20000008                _text_size
                0x2000000c                g_tick_count
 .bss           0x20000010        0x4 object/sys.o
                0x20000010                mscount
 .bss           0x20000014        0x0 object/clock.o
 .bss           0x20000014        0x0 object/usart.o
 .bss           0x20000014        0x0 object/gpio.o
 .bss           0x20000014        0x0 object/timer.o
 .bss           0x20000014        0x0 object/kstdio.o
 .bss           0x20000014        0x0 object/sys_init.o
                0x20000014                _ebss = .
OUTPUT(target/asst01 elf32-littlearm)
LOAD linker stubs

.comment        0x00000000       0x49
 .comment       0x00000000       0x49 object/kmain.o
                                 0x4a (size before relaxing)
 .comment       0x00000049       0x4a object/stm32_startup.o
 .comment       0x00000049       0x4a object/sys.o
 .comment       0x00000049       0x4a object/clock.o
 .comment       0x00000049       0x4a object/usart.o
 .comment       0x00000049       0x4a object/gpio.o
 .comment       0x00000049       0x4a object/timer.o
 .comment       0x00000049       0x4a object/kstdio.o
 .comment       0x00000049       0x4a object/sys_init.o

.ARM.attributes
                0x00000000       0x34
 .ARM.attributes
                0x00000000       0x34 object/kmain.o
 .ARM.attributes
                0x00000034       0x34 object/stm32_startup.o
 .ARM.attributes
                0x00000068       0x34 object/sys.o
 .ARM.attributes
                0x0000009c       0x34 object/clock.o
 .ARM.attributes
                0x000000d0       0x34 object/usart.o
 .ARM.attributes
                0x00000104       0x34 object/gpio.o
 .ARM.attributes
                0x00000138       0x34 object/timer.o
 .ARM.attributes
                0x0000016c       0x34 object/kstdio.o
 .ARM.attributes
                0x000001a0       0x34 object/sys_init.o
